[2026-08-07 14:59:18] ==================================================
[2026-08-07 14:59:18] ⚡ EXECUTING AUTOMATED MARKETING & INDEXING CYCLE
[2026-08-07 14:59:18] ==================================================
[2026-08-07 14:59:18] 🚀 Starting scheduled task: Search Engine Auto-Indexer (auto_indexer.py)...
[2026-08-07 14:59:22]   ✅ Search Engine Auto-Indexer completed successfully!
[2026-08-07 14:59:22] 🚀 Starting scheduled task: Global Directory Pinger (auto_directory_pinger.py)...
[2026-08-07 14:59:40]   ✅ Global Directory Pinger completed successfully!
[2026-08-07 14:59:40] 🚀 Starting scheduled task: Social Media & Dev.to Submitter (auto_submitter.py)...
[2026-08-07 14:59:45]   ✅ Social Media & Dev.to Submitter completed successfully!
[2026-08-07 14:59:45] 🎉 Full Automated Cycle Complete!
[2026-08-07 15:02:14] ==================================================
[2026-08-07 15:02:14] ⚡ EXECUTING AUTOMATED MARKETING & INDEXING CYCLE
[2026-08-07 15:02:14] ==================================================
[2026-08-07 15:02:14] 🚀 Starting scheduled task: Search Engine Auto-Indexer (auto_indexer.py)...
[2026-08-07 15:02:18]   ✅ Search Engine Auto-Indexer completed successfully!
[2026-08-07 15:02:18] 🚀 Starting scheduled task: Global Directory Pinger (auto_directory_pinger.py)...
[2026-08-07 15:02:37]   ✅ Global Directory Pinger completed successfully!
[2026-08-07 15:02:37] 🚀 Starting scheduled task: Social Media & Dev.to Submitter (auto_submitter.py)...
[2026-08-07 15:02:43]   ✅ Social Media & Dev.to Submitter completed successfully!
[2026-08-07 15:02:43] 🎉 Full Automated Cycle Complete!
